  Determining projects to restore...
  All projects are up-to-date for restore.
  EvalApp.Solid.Starter -> C:\Users\cex\repos-working\EvalApp.Solid.Starter\src\bin\Release\net8.0\EvalApp.Solid.Starter.dll
  EvalApp.Solid.Starter.Tests -> C:\Users\cex\repos-working\EvalApp.Solid.Starter\Tests\bin\Release\net8.0\EvalApp.Solid.Starter.Tests.dll

Build succeeded.
    0 Warning(s)
    0 Error(s)

Time Elapsed 00:00:01.41
